[    .000000] Linux version 4.15.0-34-generic (buildd@lgw01-amd664-47) (gcc vesion 73. (Ubunu .3.0-16ubuntu3)) #37-UbuntuMPMon Aug 27 1:21:48TC 28 (Ubutu4.15.03437-gneic .118)[   0.0000 Cmand line: BOOTIMAGE=/boot/vmlinuz-.1.0-3-gneric rootUUD=a427387-5a7-46eb-a76-e1e267af4 ro console=tty1cosoletyS0
[  00000] ERELuppotecpus
[    .00000  Inte GnuinInel
   0.0000]  D AuthetiAMD
[   0.0000]  Centaur CeaurHul
[    0.000000] 6/fpu: Spprting SAE fetur 0x0: x87 floating point register
[   .00000x8/fpuSupporin XSA fature 0x002 'SE regstrs'
[   0.00000]x8/fpuSuportinXSAVE ature 0x00: AVX gisters'
[    0.000000] x86/fpu: xstate_offset[2]:  576, xstate_sizes[2]:  256
[   00000 x/fpu Ebledxsate feures 0x, ontet ze i832 byesuusing 'standard' orat.
[   .0000] e0: BOSprovded hysialRAM mp:
    0.000000] BIOS-e82 [me0x000000000000000-0x00000000000fbf] uabe
[  0000000] BIS-e0: [me 00000000009fc00-0000000009fff]reseve
[   .0000] BIOS-e820: me 000000000000f0000-0x00000000000fffff] reserved
[    0.000000] BIOS-e820: [mem 0x0000000000100000-0x000000003ffeffff] usable
[    0.000000] BIOS-e820: [mem 0x000000003fff0000-0x00000003ffff] CP data
[   .000000 BOS-e82: me 00000000fc0000-000000fec00f] eserved
[   00000]IOS-e820: mem 0x000000fe000-0x000000fee0ff reserve
[    0.000000]BIOS82: [mem 0x000000fc00000x000000ffffff rsered
[  .00000] NX (Execute Disable) protection: active
[    0.000000] SMBIOS 2.5 present.
[    0.000000] DMI: innotek GmbH VirualoxirtualBo BIO VtualBox 12/01/2006
   00000] Hypervisr detected: VM
[    0.00000 e0: lt_fn = 0fff0 m_arcpf = 04000000[   00000] MTRRDisabled
[    0.000000] x86/PAT: MTRRs disabled, skipping PAT initialization too.
[    0.000000] CPU MTRRs all blank - virtualized system.
[    0.000000] x86/PAT: Configuration [0-7]: WB  WT  UC- UC  WB  WT  UC- UC  
[    0.000000] found SMP MP-table at [mem 0x0009fff0-0x0009ffff] mapped at [        (ptrval)]
[    0.000000] Scanning 1 areas for low memory corruption
[    0.000000] RAMDISK: [mem 0x359d7000-0x6ce2ff
[  0.00000] CP: Early table checksm erficationisabled
[    0.000000] ACPI: RSDP 0x00000000000E0000 00024 (02 VX )
[  0.0000 ACPI: XSDT 0x00000003FFF0030003C (1 VBOX   VBXSDT 00000001 ASL  00000061)
[    0.000000] ACPI: FACP 0x000000003FFF00F0 0000F4 (v04 VBOX   VBOXFACP 00000001 ASL  00000061)
[    0.000000] ACPI: DSDT 000000003FFF0470 0021FF (v02 VBOX   VBOXBIOS 00000002 INTL 2010028
[    0.000000] ACPI: FACS 0x000000003FFF020 00000
[  .0000]ACPI: FAS 0x000000FF200 004
[    0.000000] ACPI: APIC 0x000000003FFF0240 00005 (v2 VBOX VBOXAP 0000001 SL 000001)
[   .00000 ACP SDT 0x00000FF02A000CC (1 VBOX  VOXPU 000002 INL 10058)
[  00000] No NUMAonfigurtin fod
[  .0000] Fakig  nodat[memx0000000000000-x0000003fefff]
[  0.0000] NOD_DATA(0) allocate[memx3fc5000-0x3ffefff]
[   0.0000]vmclock: cp 0, sr0:ff001, imary cpu clock
[    0.000000] kvm-clock: Using msrs 4b564d01 and 4b564d00
[    0.000000] kvm-clock: usinschedffet o 44489672 cycl
    0.0000] clocource:kvm-clock mas 0fffffffffffff axcycles:0xd42eff, ma_ile_n: 81599183 n
[    0.0000] Zoe anges:[    0.00000]  DM    [mm 0x00000000001000x00000000ffff][   0.000000]  DMA32   mem 000000000000-00000000ffefff]
[   00000]  Noal  empt
[    0.000000]  Deic   ety
   .000000]Moablezo start for eac node[   0..0000] Ealymemoy ode ans
[  000000]  no   0: em0x0000000000001000-0x000000000009eefff]
[   00000]   od   0:[m 0x00000010000x000003fefff]
[  0.00000Initmesetunoe 0 em 0000000000100-00000003ffeff]
[    0000] eserd ut unailable98 pge
[    0.0000ACI:M-imer IO rt: 408
[  000000 IOAIC]: ac_id2, version 32, ddess 0xec000, GS0-23
[  0.0000ACI: INTRC_O (us bs_ir 0lobair 2 dfl df)
[   .0000]ACPI IT_SROV (bu 0bus_irq 9 globalrq 9 ow level)
   0.00000 Uing API(MT)for SM cnfiraionnfrmatin[    0.0000] smpboot: Allowing 2 CPUs, 0 hotplug CPUs
[    0.000000] PM: Registered nosave memory: [mem 0x00000000-0x00000fff]
[    0.000000] PM: Registered nosave memory [mem0x0009000x09fff]
[  0.000] PM:egisre nose emory: [em 000a000-0x00efff][   .00000]M: Regierd nove mmo: [mem 0x000f000-x000fffff
[   0.0000] e20[mem 0x40000-0xfebfffff] available for PCI devices
[    0.000000] Booting paravirtualized kernel on KVM
[    0.000000] clocksource: refined-jiffies: mask: 0xffffffff max_cycles: 0xffffffff mx_dlns: 765596002158 ns
[  0.000] randm:get_anm_byte cllefrm strtkernel0x9/0xd withrn_ini0
[    .00000] tup_eru: NCPS:19 n_cpumaskbis:2 nrcpids: n_node_is:
[   000000] pecpu:Embede 46 paescpu @     (pval) s15152 8192 d67 u10856
[  00000] V pilockas table entries: 25 (der: 0, 46 bytes)
[   0.000000] Built znelists,moilitgruping on.  Total pages: 257913
[    0.000000] PoliicyzoneDMA32
[  0.000000] Kerel cmmd lin BOT_IMA=/oot/vmlinu-4.1.04-geneicroot=UIDa42783-5a0-4b-a726-ae1e673af4 ro console=tty cnso=tyS0
[  .000000] Memory: 983080K/1048120K available (12300K kernel code, 2471K rwdata, 4244K rodata, 2408K init, 2416K bss, 65040K reserved, 0K cma-reserved)
[    0.000000] SLUB: HWalign=64, Order=0-3, MinObjects=0, CPUs=2, Nodes=1
[    0.000000] Kernel/User page tables isolation: enabled
[    0.000000] ftrace: allocating 39147 entries in 153 pages
[    0.004000] Hierarchical RCU implementation.
[    0.004000] 	RCU restricting CPUs from NR_CPUS=8192 to nr_cpu_ids=2.
[    0.004000] 	Tasks RCU enabled.
[    0.004000] RCU: Adjusting geometry for rcu_fanout_leaf=16, nr_cpu_ids=2
[    0.004000] NR_IRQS: 524544, nr_irqs: 440, preallocated irqs: 16
[    0.004000] Console: colour VGA+ 80x25
[    0.004000] console [tty1] enabled
[    0.004000] console [ttyS0] enabled
[    0.004000] ACPI: Core revision 20170831
[    0.004000] ACPI: 2 ACPI AML tables successfully acquired and loaded
[   0.004030] APIC: Switch to symmetric I/O mode setup
[    0.008232] x2apic enabled
[    0.012004] Switched APIC routing to physical x2apic.
[    0.016887] ..TIMER: vector=0x30 apic1=0 pin1=2 apic2=-1 pin2=-1
[    0.020002] tsc: Detected 2303.998 MHz processor
[    0.024011] Calibrating delay loop (skipped) preset value.. 4607.99 BogoMIPS (lpj=9215992)
[    0.028010] pid_max: default: 32768 minimum: 301
[    0.032220] Security Framework initialized
[    0.036010] Yama: becoming mindful.
[    0.040174] AppArmor: AppArmor initialized
[    0.045624] Dentry cache hash table entries: 131072 (order: 8, 1048576 bytes)
[    0.048086] Inode-cache hash table entries: 65536 (order: 7, 524288 bytes)
[    0.052024] Mount-cache hash table entries: 2048 (order: 2, 16384 bytes)
[    0.056015] Mountpoint-cache hash table entries: 2048 (order: 2, 16384 bytes)
[    0.060247] mce: CPU supports 0 MCE banks
[    0.064017] Last level iTLB entries: 4KB 64, 2MB 8, 4MB 8
[    0.065317] Last level dTLB entries: 4KB 64, 2MB 0, 4MB 0, 1GB 4
[    0.068003] Spectre V2 : Mitigation: Full generic retpoline
[    0.072002] Spectre V2 : Spectre v2 mitigation: Filling RSB on context switch
[    0.076003] Speculative Store Bypass: Vulnerable
[    0.080121] Freeing SMP alternatives memory: 36K
[    0.088000] smpboot: CPU0: Intel(R) Core(TM) i5-7360U CPU @ 2.30GHz (family: 0x6, model: 0x8e, stepping: 0x9)
[    0.088092] Performance Events: unsupported p6 CPU model 142 no PMU driver, software events only.
[    0.092068] Hierarchical SRCU implementation.
[    0.100463] NMI watchdog: Perf event create on CPU 0 failed with -2
[    0.104003] NMI watchdog: Perf NMI watchdog permanently disabled
[    0.108076] smp: Bringing up secondary CPUs ...
[    0.112080] x86: Booting SMP configuration:
[    0.116049] .... node  #0, CPUs:      #1
[    0.004000] kvm-clock: cpu 1, msr 0:3ff44041, secondary cpu clock
[    0.004000] mce: CPU supports 0 MCE banks
[    0.182700] smp: Brought up 1 node, 2 CPUs
[    0.184011] smpboot: Max logical packages: 1
[    0.188004] smpboot: Total of 2 processors activated (9215.99 BogoMIPS)
[    0.192136] devtmpfs: initialized
[    0.196060] x86/mm: Memory block size: 128MB
[    0.200131] evm: security.selinux
[    0.204005] evm: security.SMACK64
[    0.208007] evm: security.SMACK64EXEC
[    0.212006] evm: security.SMACK64TRANSMUTE
[    0.216003] evm: security.SMACK64MMAP
[    0.220002] evm: security.apparmor
[    0.224003] evm: security.ima
[    0.228002] evm: security.capability
[    0.232097] clocksource: jiffies: mask: 0xffffffff max_cycles: 0xffffffff, max_idle_ns: 7645041785100000 ns
[    0.236023] futex hash table entries: 512 (order: 3, 32768 bytes)
[    0.240088] pinctrl core: initialized pinctrl subsystem
[    0.248028] RTC time:  4:20:53, date: 09/29/18
[    0.252290] NET: Registered protocol family 16
[    0.256151] audit: initializing netlink subsys (disabled)
[    0.260063] audit: type=2000 audit(1538194833.147:1): state=initialized audit_enabled=0 res=1
[    0.272012] cpuidle: using governor ladder
[    0.276015] cpuidle: using governor menu
[    0.280049] ACPI: bus type PCI registered
[    0.284004] acpiphp: ACPI Hot Plug PCI Controller Driver version: 0.5
[    0.288322] PCI: Using configuration type 1 for base access
[    0.297760] HugeTLB registered 2.00 MiB page size, pre-allocated 0 pages
[    0.300433] ACPI: Added _OSI(Module Device)
[    0.304039] ACPI: Added _OSI(Processor Device)
[    0.308016] ACPI: Added _OSI(3.0 _SCP Extensions)
[    0.312005] ACPI: Added _OSI(Processor Aggregator Device)
[    0.313303] ACPI: Added _OSI(Linux-Dell-Video)
[    0.314432] ACPI: Added _OSI(Linux-Lenovo-NV-HDMI-Audio)
[    0.316336] ACPI: Executed 1 blocks of module-level executable AML code
[    0.326848] ACPI: Interpreter enabled
[    0.328015] ACPI: (supports S0 S5)
[    0.332008] ACPI: Using IOAPIC for interrupt routing
[    0.333479] PCI: Using host bridge windows from ACPI; if necessary, use "pci=nocrs" and report a bug
[    0.336197] ACPI: Enabled 2 GPEs in block 00 to 07
[    0.346580] ACPI: PCI Root Bridge [PCI0] (domain 0000 [bus 00-ff])
[    0.348020] acpi PNP0A03:00: _OSC: OS supports [ASPM ClockPM Segments MSI]
[    0.352054] acpi PNP0A03:00: _OSC: not requesting OS control; OS requires [ExtendedConfig ASPM ClockPM MSI]
[    0.356029] acpi PNP0A03:00: fail to add MMCONFIG information, can't access extended PCI configuration space under this bridge.
[    0.360640] PCI host bridge to bus 0000:00
[    0.364009] pci_bus 0000:00: root bus resource [io  0x0000-0x0cf7 window]
[    0.368011] pci_bus 0000:00: root bus resource [io  0x0d00-0xffff window]
[    0.372010] pci_bus 0000:00: root bus resource [mem 0x000a0000-0x000bffff window]
[    0.376013] pci_bus 0000:00: root bus resource [mem 0x40000000-0xfdffffff window]
[    0.380011] pci_bus 0000:00: root bus resource [bus 00-ff]
[    0.390644] pci 0000:00:01.1: legacy IDE quirk: reg 0x10: [io  0x01f0-0x01f7]
[    0.392009] pci 0000:00:01.1: legacy IDE quirk: reg 0x14: [io  0x03f6]
[    0.396014] pci 0000:00:01.1: legacy IDE quirk: reg 0x18: [io  0x0170-0x0177]
[    0.400010] pci 0000:00:01.1: legacy IDE quirk: reg 0x1c: [io  0x0376]
[    0.420486] pci 0000:00:07.0: quirk: [io  0x4000-0x403f] claimed by PIIX4 ACPI
[    0.424020] pci 0000:00:07.0: quirk: [io  0x4100-0x410f] claimed by PIIX4 SMB
[    0.439574] ACPI: PCI Interrupt Link [LNKA] (IRQs 5 9 10 *11)
[    0.440321] ACPI: PCI Interrupt Link [LNKB] (IRQs 5 9 *10 11)
[    0.444160] ACPI: PCI Interrupt Link [LNKC] (IRQs 5 *9 10 11)
[    0.448168] ACPI: PCI Interrupt Link [LNKD] (IRQs 5 9 10 *11)
[    0.452378] SCSI subsystem initialized
[    0.456097] pci 0000:00:02.0: vgaarb: setting as boot VGA device
[    0.460000] pci 0000:00:02.0: vgaarb: VGA device added: decodes=io+mem,owns=io+mem,locks=none
[    0.460012] pci 0000:00:02.0: vgaarb: bridge control possible
[    0.464008] vgaarb: loaded
[    0.468049] ACPI: bus type USB registered
[    0.469066] usbcore: registered new interface driver usbfs
[    0.472037] usbcore: registered new interface driver hub
[    0.476050] usbcore: registered new device driver usb
[    0.480103] EDAC MC: Ver: 3.0.0
[    0.484489] PCI: Using ACPI for IRQ routing
[    0.488362] NetLabel: Initializing
[    0.492005] NetLabel:  domain hash size = 128
[    0.496006] NetLabel:  protocols = UNLABELED CIPSOv4 CALIPSO
[    0.500034] NetLabel:  unlabeled traffic allowed by default
[    0.501403] clocksource: Switched to clocksource kvm-clock
[    6194] FS Dskuoas dquot_6.6.0

[    0.835372]FSDqt-che hash table eris: 512 (de0,09bys)
[  15716 ApAorAprmr lest Eabed
[    1.71] p:nPCPin
  2.07] p:nPCP fnd dvis
[  2888]clocksource ai_: sk0xfff x_cl: ffffmaid_n 28510 n
[   .667 NT: Rgier ptol miy 

[    4.165] P taisd shab eris:19(oer 4 653 byte
[   4.87] P ndas tleenie: 92orr:, 10 bes
[  5350]CPHash tbls onfigured (established 8192 bind 8192)
[    5.943730] UDP hash table etrs:12orr:, 38bys)[  6506]DPLi hshab eri: 51(order 2164 yt)  7.75] T:egted otolamy 
[  7235]ci 00000:00. Litg re P/PI transfers
[  8869]ci00001. AivinISDMha wkaound
[    8.877475]ci00002. Vdeo evceitshow R a[m 000000x0dff

[    980628]npki itrfs.
[   10.430969] Freeing initrd memory: 19504K
[   10.469437] platform rtc_cmos: registered platform RTC device (no PNP device found)
[   10.471292] Scanning for low memory corruption every 60 seconds
[   10.512173] Initialise system trusted keyrings
[   10.590101] Key type blacklist registered
[   10.644725] workingset: timestamp_bits=36 max_order=18 bucket_order=0
[   10.658233] zbud: loaded
[   10.659483] squashfs: version 4.0 (2009/01/31) Phillip Lougher
[   10.682577] fuse init (API version 7.26)
[   10.725439] Key type asymmetric registered
[   10.776352] Asymmetric key parser 'x509' registered
[   10.849952] Block layer SCSI generic (bsg) driver version 0.4 loaded (major 246)
[   10.904562] io scheduler noop registered
[   10.961843] io scheduler deadline registered
[   11.020367] io scheduler cfq registered (default)
[   11.092471] ACPI: AC Adapter [AC] (on-line)
[   11.157654] input: Power Button as /devices/LNXSYSTM:00/LNXPWRBN:00/input/input0
[   11.294278] ACPI: Power Button [PWRF]
[   11.381753] input: Sleep Button as /devices/LNXSYSTM:00/LNXSLPBN:00/input/input1
[   11.383553] ACPI: Sleep Button [SLPF]
[   11.385748] ACPI: Battey lo [T0(bte present)

[   11883]erl: 8250/65 dve 3pos,RQhangnaed
[   11.666735] 00:02: ttyS0 at I/O 0x3f8 (irq = 4, base_baud = 115200) is a 16550A
[   12.354518] Linux agpgart interface v0.103
[   12.356346] tsc: Refined TSC clocksource calibration: 2303.996 MHz
[   12.363208] clocksource: tsc: mask: 0xffffffffffffffff max_cycles: 0x2135f449559, max_idle_ns: 440795312421 ns
[   12.384408] loop: module loaded
[   12.412231] scsi host0: ata_piix
[   12.472319] scsi host1: ata_piix
[   12.491178] ata1: PATA max UDMA/33 cmd 0x1f0 ctl 0x3f6 bmdma 0xd000 irq 14
[   12.510438] ata2: PATA max UDMA/33 cmd 0x170 ctl 0x376 bmdma 0xd008 irq 15
[   12.528479] libphy: Fixed MDIO Bus: probed
[   12.544096] tun: Universal TUN/TAP device driver, 1.6
[   12.550726] PPP generic driver version 2.4.2
[   12.569689] ehci_hcd: USB 2.0 'Enhanced' Host Controller (EHCI) Driver
[   12.592198] ehci-pci: EHCI PCI platform driver
[   12.711794] ehci-platform: EHCI generic platform driver
[   12.713091] ohci_hcd: USB 1.1 'Open' Host Controller (OHCI) Driver
[   12.714560] ohci-pci: OHCI PCI platform driver
[   12.715646] ohci-platform: OHCI generic platform driver
[   12.732085] uhci_hcd: USB Universal Host Controller Interface driver
[   12.733641] i8042: PNP: PS/2 Controller [PNP0303:PS2K,PNP0f03:PS2M] at 0x60,0x64 irq 1,12
[   12.736032] serio: i8042 KBD port at 0x60,0x64 irq 1
[   12.752389] serio: i8042 AUX port at 0x60,0x64 irq 12
[   12.761869] mousedev: PS/2 mouse device common for all mice
[   12.763396] input: AT Translated Set 2 keyboard as /devices/platform/i8042/serio0/input/input2
[   12.765988] rtc_cmos rtc_cmos: rtc core: registered rtc_cmos as rtc0
[   12.868509] rtc_costcmo aarmsuptoneay11bytes nvram
[   13.360303] i2c /dev entries driver
[   13.384361] device-mapper: uevent: version 1.0.3
[   13.452317] device-mapper: ioctl: 4.37.0-ioctl (2017-09-20) initialised: dm-devel@redhat.com
[   13.585891] ledtrig-cpu: registered to indicate activity on CPUs
[   13.625901] NET: Registered protocol family 10
[   13.680080] Segment Routing with IPv6
[   13.728670] NET: Registered protocol family 17
[   13.792533] Key type dns_resolver registered
[   13.891130] RAS: Correctable Errors collector initialized.
[   14.071727] sched_clock: Marking stable (14071673216, 0)->(42562768415, -28491095199)
[   14.326500] registered taskstats version 1
[   14.441096] Loading compiled-in X.509 certificates
[   14.444532] Loaded X.509 cert 'Build time autogenerated kernel key: 197c80222fd2638086c51a9b9e4961ca73d6ea07'
[   14.682921] zswap: loaded using pool lzo/zbud
[   14.705035] Key type big_key registered
[   14.725719] Key type trusted registered
[   14.740530] Key type encrypted registered
[   14.755574] AppArmor: AppArmor sha1 policy hashing enabled
[   14.776102] ima: No TPM chip found, activating TPM-bypass! (rc=-19)
[   14.952014] ima: Allocated hash algorithm: sha1
[   15.061542] evm: HMAC attrs: 0x1
[   15.171277]   Magic number: 2:890:313
[   15.321614] rtc_cmos rtc_cmos: setting system clock to 2018-09-29 04:21:10 UTC (1538194870)
[   15.669504] BIOS EDD facility v0.16 2004-Jun-25, 0 devices found
[   15.781314] EDD information not available.
[   15.791599] Freeing unused kernel memory: 2408K
[   15.828220] Write protecting the kernel read-only data: 20480k
[   15.845964] Freeing unused kernel memory: 2008K
[   15.869678] Freeing unused kernel memory: 1900K
[   15.905352] x86/mm: Checked W+X mappings: passed, no W+X pages found.
[   16.142241] x86/mm: Checking user space page tables
[   16.285488] x86/mm: Checked W+X mappings: passed, no W+X pages found.
Loading, please wait...
starting version 237
[   16.575957] e1000: Intel(R) PRO/1000 Network Driver - version 7.3.21-k8-NAPI
[   16.811557] e1000: Copyright (c) 1999-2006 Intel Corporation.
[   16.841499] Fusion MPT base driver 3.04.20
[   16.859838] Copyright (c) 1999-2008 LSI Corporation
[   16.881955] Fusion MPT SPI Host driver 3.04.20
[   16.896730] AVX2 version of gcm_enc/dec engaged.
[   16.972728] AES CTR mode by8 optimization enabled
[   17.112260] input: ImExPS/2 Generic Explorer Mouse as /devices/platform/i8042/serio1/input/input4
[   17.274050] e1000 0000:00:03.0 eth0: (PCI:33MHz:32-bit) 02:79:13:0a:8c:39
[   18.646574] e1000 0000:00:03.0 eth0: Intel(R) PRO/1000 Network Connection
[   19.301371] e1000 0000:00:08.0 eth1: (PCI:33MHz:32-bit) 08:00:27:62:fa:39
[   19.745600] e1000 0000:00:08.0 eth1: Intel(R) PRO/1000 Network Connection
[   19.905836] mptbase: ioc0: Initiating bringup
[   19.906046] e1000 0000:00:03.0 enp0s3: renamed from eth0
[   19.917165] e1000 0000:00:08.0 enp0s8: renamed from eth1
[   20.077246] ioc0: LSI53C1030 A0: Capabilities={Initiator}
[   20.463596] scsi host2: ioc0: LSI53C1030 A0, FwRev=00000000h, Ports=1, MaxQ=256, IRQ=20
[   20.801078] scsi 2:0:0:0: Direct-Access     VBOX     HARDDISK         1.0  PQ: 0 ANSI: 5
[   21.664643] scsi target2:0:0: Beginning Domain Validation
[   21.734907] scsi target2:0:0: Domain Validation skipping write tests
[   21.759127] scsi target2:0:0: Ending Domain Validation
[   21.805185] scsi target2:0:0: asynchronous
[   21.806731] scsi 2:0:1:0: Direct-Access     VBOX     HARDDISK         1.0  PQ: 0 ANSI: 5
[   22.901227] scsi target2:0:1: Beginning Domain Validation
[   23.669239] random: fast init done
[   23.738528] scsi target2:0:1: Domain Validation skipping write tests
[   23.912344] scsi target2:0:1: Ending Domain Validation
[   24.034884] scsi target2:0:1: asynchronous
[   24.101944] random: systemd-udevd: uninitialized urandom read (16 bytes read)
[   24.247486] random: systemd-udevd: uninitialized urandom read (16 bytes read)
[   24.247558] sd 2:0:0:0: Attached scsi generic sg0 type 0
[   24.247693] sd 2:0:0:0: [sda] 20971520 512-byte logical blocks: (10.7 GB/10.0 GiB)
[   24.247729] sd 2:0:0:0: [sda] Write Protect is off
[   24.247814] sd 2:0:0:0: [sda] Incomplete mode parameter data
[   24.247815] sd 2:0:0:0: [sda] Assuming drive cache: write through
[   24.428653] sd 2:0:1:0: Attached scsi generic sg1 type 0
[   24.428993] sd 2:0:1:0: [sdb] 20480 512-byte logical blocks: (10.5 MB/10.0 MiB)
[   24.429040] sd 2:0:1:0: [sdb] Write Protect is off
[   24.429119] sd 2:0:1:0: [sdb] Incomplete mode parameter data
[   24.429120] sd 2:0:1:0: [sdb] Assuming drive cache: write through
[   24.434014]  sda: sda1
[   24.434612] sd 2:0:0:0: [sda] Attached SCSI disk
[   24.435716] sd 2:0:1:0: [sdb] Attached SCSI disk
[   25.207553] random: systemd-udevd: uninitialized urandom read (16 bytes read)
[   26.552865] random: systemd-udevd: uninitialized urandom read (16 bytes read)
[   26.552927] random: systemd-udevd: uninitialized urandom read (16 bytes read)
[   26.718559] random: systemd-udevd: uninitialized urandom read (16 bytes read)
Begin: Loading essential drivers ... [   28.231630] raid6: sse2x1   gen() 13201 MB/s
[   28.288065] raid6: sse2x1   xor()  5797 MB/s
[   28.340060] raid6: sse2x2   gen()  8791 MB/s
[   28.396346] raid6: sse2x2   xor()  6955 MB/s
[   28.461356] raid6: sse2x4   gen() 16352 MB/s
[   28.624328] raid6: sse2x4   xor() 10616 MB/s
[   28.672228] raid6: avx2x1   gen() 25078 MB/s
[   28.812060] raid6: avx2x1   xor() 17097 MB/s
[   28.964227] raid6: avx2x2   gen() 30252 MB/s
[   29.088177] raid6: avx2x2   xor() 14233 MB/s
[   29.144527] raid6: avx2x4   gen() 18333 MB/s
[   29.211377] raid6: avx2x4   xor() 22890 MB/s
[   29.242519] raid6: using algorithm avx2x2 gen() 30252 MB/s
[   29.243826] raid6: .... xor() 14233 MB/s, rmw enabled
[   29.411442] raid6: using avx2x2 recovery algorithm
[   29.572154] xor: automatically using best checksumming function   avx       
[   29.683380] async_tx: api initialized (async)
done.
Begin: Running /scripts/init-premount ... done.
Begin: Mounting root file sys[   29.774668] Btrfs loaded, crc32c=crc32c-intel
tem ... Begin: Running /scripts/local-top ... done.
Begin: Running /scripts/local-premount ... Scanning for Btrfs filesystems
done.
Warning: fsck no[   29.877333] EXT4-fs (sda1): mounted filesystem with ordered data mode. Opts: (null)
t present, so skipping root file system
done.
Begin: Running /scripts/local-bottom ... done.
Begin: Running /scripts/init-bottom ... done.
[   30.386842] ip_tables: (C) 2000-2006 Netfilter Core Team
[   30.454502] systemd[1]: systemd 237 running in system mode. (+PAM +AUDIT +SELINUX +IMA +APPARMOR +SMACK +SYSVINIT +UTMP +LIBCRYPTSETUP +GCRYPT +GNUTLS +ACL +XZ +LZ4 +SECCOMP +BLKID +ELFUTILS +KMOD -IDN2 +IDN -PCRE2 default-hierarchy=hybrid)
[   30.834653] systemd[1]: Detected virtualization oracle.
[   30.835943] systemd[1]: Detected architecture x86-64.

Welcome to [1mUbuntu 18.04.1 LTS[0m!

[   30.952178] systemd[1]: Set hostname to <ubuntu-bionic>.
[   31.429991] systemd[1]: Reached target Swap.
[[0;32m  OK  [0m] Reached target Swap.
[   31.514445] systemd[1]: Reached target User and Group Name Lookups.
[[0;32m  OK  [0m] Reached target User and Group Name Lookups.
[   31.519392] systemd[1]: Created slice System Slice.
[[0;32m  OK  [0m] Created slice System Slice.
[   31.523894] systemd[1]: Listening on Journal Socket (/dev/log).
[[0;32m  OK  [0m] Listening on Journal Socket (/dev/log).
[   31.704800] systemd[1]: Listening on LVM2 metadata daemon socket.
[[0;32m  OK  [0m] Listening on LVM2 metadata daemon socket.
[   31.952274] systemd[1]: Listening on LVM2 poll daemon socket.
[[0;32m  OK  [0m] Listening on LVM2 poll daemon socket.
[[0;32m  OK  [0m] Listening on /dev/initctl Compatibility Named Pipe.
[[0;32m  OK  [0m] Listening on Network Service Netlink Socket.
[[0;32m  OK  [0m] Started Forward Password Requests to Wall Directory Watch.
[[0;32m  OK  [0m] Listening on udev Kernel Socket.
[[0;32m  OK  [0m] Created slice User and Session Slice.
[[0;32m  OK  [0m] Listening on Journal Socket.
         Mounting POSIX Message Queue File System...
         Starting Remount Root and Kernel[   32.391934] EXT4-fs (sda1): re-mounted. Opts: (null)
 File Systems...
         Starting Create list of required stâ€¦ce nodes for the current kernel...
         Starting Set the console keyboard layout...
[[0;32m  OK  [0m] Listening on udev Control Socket.
         Starting udev Coldplug all Devices...
[[0;32m  OK  [0m] Listening on Journal Audit Socket.
         Mounting Huge Pages File System...
[[0;32m  OK  [0m] Listening on Syslog Socket.
[[0;32m  OK  [0m] Reached target System Time Synchronized.
[[0;32m  OK  [0m] Set up automount Arbitrary Executabâ€¦rmats File System Automount Point.
[   32.555467] random: crng init done
[   32.567785] random: 4 urandom warning(s) missed due to ratelimiting
[[0;32m  OK  [0m] Listening on Device-mapper event daemon FIFOs.
         Starting Monitoring of LVM2 mirrorsâ€¦ng dmeventd or progress polling...
         Starting Journal Service...
         Starting Load Kernel Modules...[   32.789394] Loading iSCSI transport class v2.0-870.

[[0;32m  OK  [0[   32.922741] iscsi: registered transport (tcp)
m] Created slice system-serial\x[   32.952393] iscsi: registered transport (iser)
2dgetty.slice.
         Mounting Kernel Debug File System...
[[0;32m  OK  [0m] Reached target Slices.
         Starting Uncomplicated firewall...
[[0;32m  OK  [0m] Started Journal Service.
[[0;32m  OK  [0m] Mounted POSIX Message Queue File System.
[[0;32m  OK  [0m] Started Remount Root and Kernel File Systems.
[[0;32m  OK  [0m] Started Create list of required staâ€¦vice nodes for the current kernel.
[[0;32m  OK  [0m] Started Set the console keyboard layout.
[[0;32m  OK  [0m] Mounted Huge Pages File System.
[[0;32m  OK  [0m] Started Load Kernel Modules.
[[0;32m  OK  [0m] Mounted Kernel Debug File System.
[[0;32m  OK  [0m] Started Uncomplicated firewall.
[[0;32m  OK  [0m] Started LVM2 metadata daemon.
         Starting Apply Kernel Variables...
         Mounting Kernel Configuration File System...
         Mounting FUSE Control File System...
         Starting Create Static Device Nodes in /dev...
         Starting Load/Save Random Seed...
         Starting Initial cloud-init job (pre-networking)...
         Starting Flush Journal to Persistent Storage...
[[0;32m  OK  [0m] Started Monitoring of LVM2 mirrors,â€¦sing dmeventd or progress polling.
[[0;32m  OK  [0m] Started udev Coldplug all Devices.
[[0;32m  OK  [0m] Started Apply Kernel Variables.
[[0;32m  OK  [0m] Mounted Kernel Configuration File System.
[[0;32m  OK  [0m] Mounted FUSE Control File System.
[[0;32m  OK  [0m] Started Create Static Device Nodes in /dev.
[[0;32m  OK  [0m] Started Load/Save Random Seed.
         Starting udev Kernel Device Manager...
[[0;32m  OK  [0m] Reached target Local File Systems (Pre).
[[0;32m  OK  [0m] Reached target Local File Systems.
         Starting Tell Plymouth To Write Out Runtime Data...
         Starting Set console font and keymap...
         Starting AppArmor initialization...
         Starting ebtables ruleset management...
[[0;32m  OK  [0m] Started udev Kernel Device Manager.
[[0;32m  OK  [0m] Started Tell Plymouth To Write Out Runtime Data.
[[0;32m  OK  [0m] Started Set console font and keymap.
[[0;32m  OK  [0m] Started Dispatch Password Requests to Console Directory Watch.
[[0;32m  OK  [0m] Reached target Local Encrypted Volumes.
[[0;32m  OK  [0m] Found device /dev/ttyS0.
[[0;32m  OK  [0m] Listening on Load/Save RF Kill Switch Status /dev/rfkill Watch.
[[0;32m  OK  [0m] Started ebtables ruleset management.
[[0;32m  OK  [0m] Started Flush Journal to Persistent Storage.
         Starting Create Volatile Files and Directories...
[[0;32m  OK  [0m] Started Create Volatile Files and Directories.
         Starting Update UTMP about System Boot/Shutdown...
[[0;32m  OK  [0m] Started Update UTMP about System Boot/Shutdown.
[[0;32m  OK  [0m] Started AppArmor initialization.
[   35.263649] cloud-init[431]: Cloud-init v. 18.2 running 'init-local' at Sat, 29 Sep 2018 04:21:30 +0000. Up 35.02 seconds.
[[0;32m  OK  [0m] Started Initial cloud-init job (pre-networking).
[[0;32m  OK  [0m] Reached target Network (Pre).
         Starting Network Service...
[[0;32m  OK  [0m] Started Network Service.
         Starting Wait for Network to be Configured...
         Starting Network Name Resolution...
[[0;32m  OK  [0m] Started Network Name Resolution.
[[0;32m  OK  [0m] Reached target Network.
[[0;32m  OK  [0m] Reached target Host and Network Name Lookups.
[[0;32m  OK  [0m] Started Wait for Network to be Configured.
         Starting Initial cloud-init job (metadata service crawler)...
[   37.878048] cloud-init[673]: Cloud-init v. 18.2 running 'init' at Sat, 29 Sep 2018 04:21:32 +0000. Up 37.46 seconds.
[   37.907118] cloud-init[673]: ci-info: ++++++++++++++++++++++++++++++++++++++Net device info+++++++++++++++++++++++++++++++++++++++
[[0;32m  OK  [0m] Started Initial cloud-init job (metadata service crawler).
[[0;32m  OK  [0m] Reached target Network is Online.
[   38.019282] cloud-init[673]: ci-info: +--------+------+-----------------------------+---------------+--------+-------------------+
         Starting iSCSI initiator daemon (iscsid)...
[[0;32m  OK  [0m] Reached target Cloud-config availability.
[[0;32m  OK  [0m] Reached target System Initialization.
[[0;32m  OK  [0m] Listening on D-Bus System Message Bus Socket.
[   38.174588] [cloud-init[0;32m  OK  [0m] [673]: Listening on ACPID Listen Socket.ci-info: | Device |  Up  |           Address           |      Mask     | Scope  |     Hw-Address    |

[[0;32m  OK  [0m] Started Discard unused blocks once a week.
[   38.589684] [cloud-init[673]: ci-info: +--------+------+-----------------------------+---------------+--------+-------------------+
[0;32m  OK  [0m] Listening on UUID daemon activation socket.
         Starting LXD - unix socket.
[   38.845552] cloud-init[673]: ci-info: | enp0s3 | True |          10.0.2.15          | 255.255.255.0 | global | 02:79:13:0a:8c:39 |
[[0;32m  OK  [0m] Started Message of the Day.
[   38.973563] [cloud-init[0;32m  OK  [0m[673]: ] ci-info: | enp0s3 | True |  fe80::79:13ff:fe0a:8c39/64 |       .       |  link  | 02:79:13:0a:8c:39 |Started Daily Cleanup of Temporary Directories.

[[0;32m  OK  [0m] Started ACPI Events Check.
[[0;32m  OK  [0m] Reached target Paths.
[[0;32m  OK  [0m] Started Daily apt download activities.[   39.122439] 
cloud-init[673]: ci-info: | enp0s8 | True |        192.168.33.10        | 255.255.255.0 | global | 08:00:27:62:fa:39 |
[[0;32m  OK  [0m] Started Daily apt upgrade and clean activities.
[[0;32m  OK  [0m] Reached target Timers.
[   39.252514] cloud-init[673]: ci-info: | enp0s8 | True | fe80::a00:27ff:fe62:fa39/64 |       .       |  link  | 08:00:27:62:fa:39 |
         Starting Socket activation for snappy daemon.
[   39.473229] cloud-init[673]: ci-info: |   lo   | True |          127.0.0.1          |   255.0.0.0   |  host  |         .         |
[[0;32m  OK  [0m] Listening on LXD - unix socket.
[   39.637430] cloud-init[673]: ci-info: |   lo   | True |           ::1/128           |       .       |  host  |         .         |
[[0;32m  OK  [0m] Listening on Socket activation for snappy daemon.
[   39.744665] cloud-init[673]: ci-info: +--------+------+-----------------------------+---------------+--------+-------------------+
[[0;32m  OK  [0m] Started iSCSI initiator daemon (iscsid).
[   39.929708] cloud-init[673]: ci-info: +++++++++++++++++++++++++++++Route IPv4 info+++++++++++++++++++++++++++++
[[0;32m  OK  [0m] Reached target Remote File Systems (Pre).
[   40.078043] [cloud-init[0;32m  OK  [0m[673]: ] ci-info: +-------+--------------+----------+-----------------+-----------+-------+Reached target Remote File Systems.

         Starting Availability of block devices...
[[0;32m  OK  [0m] Reached target Sockets.
[[0;32m  OK  [0m] Reached target Basic System.
[   40.218145] cloud-init[673]: ci-info: | Route | Destination  | Gateway  |     Genmask     | Interface | Flags |
         Starting LSB: automatic crash report generation...
[   40.326353] cloud-init[673]: ci-info: +-------+--------------+----------+-----------------+-----------+-------+
         Starting LSB: Record successful boot for GRUB...
[   40.496531] cloud-init[673]: ci-info: |   0   |   0.0.0.0    | 10.0.2.2 |     0.0.0.0     |   enp0s3  |   UG  |
[[0;32m  OK  [0m] Started Deferred execution scheduler.
[   40.621684] cloud-init[673]: ci-info: |   1   |   10.0.2.0   | 0.0.0.0  |  255.255.255.0  |   enp0s3  |   U   |
[[0;32m  OK  [0m] Started Regular background program processing daemon.
[   40.741591] cloud-init[673]: ci-info: |   2   |   10.0.2.2   | 0.0.0.0  | 255.255.255.255 |   enp0s3  |   UH  |
[[0;32m  OK  [0m] Started irqbalance daemon.
[   40.921447] cloud-init[673]: ci-info: |   3   | 192.168.33.0 | 0.0.0.0  |  255.255.255.0  |   enp0s8  |   U   |
         Starting vboxadd.service...
[   40.990502] cloud-init[673]: ci-info: +-------+--------------+----------+-----------------+-----------+-------+
         [   41.137307] Starting Dispatcher daemon for systemd-networkd...cloud-init
[673]: ci-info: +++++++++++++++++++Route IPv6 info+++++++++++++++++++
[[   41.251410] cloud-init[673]: ci-info: +-------+-------------+---------+-----------+-------+
[   41.251814] cloud-init[673]: ci-info: | Route | Destination | Gateway | Interface | Flags |
[   41.251870] cloud-init[673]: ci-info: +-------+-------------+---------+-----------+-------+
[   41.251934] cloud-init[673]: ci-info: |   1   |  fe80::/64  |    ::   |   enp0s8  |   U   |
[   41.251991] cloud-init[673]: ci-info: |   2   |  fe80::/64  |    ::   |   enp0s3  |   U   |
[   41.252044] cloud-init[673]: ci-info: |   4   |    local    |    ::   |   enp0s3  |   U   |
[   41.252101] cloud-init[673]: ci-info: |   5   |    local    |    ::   |   enp0s8  |   U   |
[   41.252153] cloud-init[673]: ci-info: |   6   |   ff00::/8  |    ::   |   enp0s8  |   U   |
[   41.252205] cloud-init[673]: ci-info: |   7   |   ff00::/8  |    ::   |   enp0s3  |   U   |
[   41.252256] cloud-init[673]: ci-info: +-------+-------------+---------+-----------+-------+
[0;32m  OK  [0m] Started Unattended Upgrades Shutdown.
         Starting Permit User Sessions...
         Starting Login Service...
         Starting Snappy daemon...
         Starting Apply the settings specified in cloud-config...
         Starting System Logging Service...
[[0;32m  OK  [0m] Started D-Bus System Message Bus.
[[0;32m  OK  [0m] Started Login Service.
[[0;32m  OK  [0m] Started FUSE filesystem for LXC.
         Starting Accounts Service...
         Starting OpenBSD Secure Shell server...
         Starting LXD - container startup/shutdown...
[[0;32m  OK  [0m] Started System Logging Service.
[[0;32m  OK  [0m] Started Snappy daemon.
[[0;32m  OK  [0m] Started Dispatcher daemon for systemd-networkd.
[[0;32m  OK  [0m] Started Availability of block devices.
[[0;32m  OK  [0m] Started vboxadd.service.
[[0;32m  OK  [0m] Started Permit User Sessions.
[[0;32m  OK  [0m] Started LXD - container startup/shutdown.
[[0;32m  OK  [0m] Started OpenBSD Secure Shell server.
         Starting Authorization Manager...
         Starting Terminate Plymouth Boot Screen...
         Starting Hold until boot process finishes up...
         Starting vboxadd-service.service...
         Starting Wait until snapd is fully seeded...
[[0;32m  OK  [0m] Started LSB: automatic crash report generation.
[[0;32m  OK  [0m] Started LSB: Record successful boot for GRUB.
[[0;32m  OK  [0m] Started Terminate Plymouth Boot Screen.
[   42.888691] cloud-init[936]: Cloud-init v. 18.2 running 'modules:config' at Sat, 29 Sep 2018 04:21:37 +0000. Up 42.65 seconds.
[[0;32m  OK  [0m] Started Apply the settings specified in cloud-config.
[[0;32m  OK  [0m] Started Hold until boot process finishes up.
[[0;32m  OK  [0m] Started vboxadd-service.service.
[[0;32m  OK  [0m] Started Wait until snapd is fully seeded.
[[0;32m  OK  [0m] Started Authorization Manager.
[[0;32m  OK  [0m] Started Accounts Service.
         Starting Set console scheme...
[[0;32m  OK  [0m] Started Serial Getty on ttyS0.
[[0;32m  OK  [0m] Started Set console scheme.
[[0;32m  OK  [0m] Created slice system-getty.slice.
[[0;32m  OK  [0m] Started Getty on tty1.
[[0;32m  OK  [0m] Reached target Login Prompts.
[[0;32m  OK  [0m] Reached target Multi-User System.
[[0;32m  OK  [0m] Reached target Graphical Interface.
         Starting Execute cloud user/final scripts...
         Starting Update UTMP about System Runlevel Changes...
[[0;32m  OK  [0m] Started Update UTMP about System Runlevel Changes.
[[0;32m  OK  [0m] Created slice User Slice of vagrant.
         Starting User Manager for UID 1000...
[[0;32m  OK  [0m] Started Session 1 of user vagrant.
[[0;32m  OK  [0m] Started User Manager for UID 1000.
[   44.287788] cloud-init[1252]: Cloud-init v. 18.2 running 'modules:final' at Sat, 29 Sep 2018 04:21:39 +0000. Up 44.13 seconds.
[[0;32m  OK  [0m] Started Execute cloud user/final scripts.
[   44.405059] [[0;32m  OK  [0m] Reached target Cloud-init target.
cloud-init[1252]: Cloud-init v. 18.2 finished at Sat, 29 Sep 2018 04:21:39 +0000. Datasource DataSourceNoCloud [seed=/dev/sdb][dsmode=net].  Up 44.28 seconds
         Starting Daily apt download activities...
[[0;32m  OK  [0m] Stopped Wait for Network to be Configured.
         Stopping Network Service...
         Starting Network Service...
[[0;32m  OK  [0m] Started Network Service.
         Stopping User Manager for UID 1000...
[[0;32m  OK  [0m] Stopped User Manager for UID 1000.
[[0;32m  OK  [0m] Removed slice User Slice of vagrant.

Ubuntu 18.04.1 LTS ubuntu-bionic ttyS0

ubuntu-bionic login: [[0;32m  OK  [0m] Se[[0;32m  OK  [0m] Stopped Daily apt download activities.
[[0;32m  OK  [0m] Stopped target System Time Synchronized.
         Stopping FUSE filesystem for LXC...
         Stopping System Logging Service...
         Stopping Availability of block devices...
[[0;32m  OK  [0m] Unmounted /var/lib/lxcfs.
[[0;32m  OK  [0m] Stopped Deferred execution scheduler.
[[0;32m  OK  [0m] Stopped Regular background program processing daemon.
[[0;32m  OK  [0m] Stopped irqbalance daemon.
[[0;32m  OK  [0m] Stopped Dispatcher daemon for systemd-networkd.
[[0;32m  OK  [0m] Stopped Snappy daemon.
[[0;32m  OK  [0m] Stopped System Logging Service.
[[0;32m  OK  [0m] Stopped Accounts Service.
[[0;32m  OK  [0m] Stopped OpenBSD Secure Shell server.
[[0;32m  OK  [0m] Stopped Authorization Manager.
[[0;32m  OK  [0m] Stopped Serial Getty on ttyS0.
[[0;32m  OK  [0m] Stopped Getty on tty1.
[[0;32m  OK  [0m] Stopped User Manager for UID 1000.
[[0;32m  OK  [0m] Stopped Unattended Upgrades Shutdown.
[[0;32m  OK  [0m] Stopped D-Bus System Message Bus.
[[0;32m  OK  [0m] Stopped vboxadd-service.service.
[[0;32m  OK  [0m] Stopped Availability of block devices.
[[0;32m  OK  [0m] Stopped FUSE filesystem for LXC.
[[0;32m  OK  [0m] Stopped Session 13 of user vagrant.
         Stopping vboxadd.service...
[[0;32m  OK  [0m] Removed slice User Slice of vagrant.
         Stopping Login Service...
[[0;32m  OK  [0m] Removed slice system-getty.slice.
[[0;32m  OK  [0m] Removed slice system-serial\x2dgetty.slice.
         Stopping Permit User Sessions...
[[0;32m  OK  [0m] Unmounted /vagrant.
[[0;32m  OK  [0m] Stopped Login Service.
[[0;32m  OK  [0m] Stopped vboxadd.service.
[[0;32m  OK  [0m] Stopped Permit User Sessions.
[[0;32m  OK  [0m] Stopped target User and Group Name Lookups.
[[0;32m  OK  [0m] Stopped LSB: Record successful boot for GRUB.
[[0;32m  OK  [0m] Stopped LSB: automatic crash report generation.
[[0;32m  OK  [0m] Stopped LXD - container startup/shutdown.
[[0;32m  OK  [0m] Stopped target Remote File Systems.
[[0;32m  OK  [0m] Stopped target Remote File Systems (Pre).
         Stopping iSCSI initiator daemon (iscsid)...
[[0;32m  OK  [0m] Stopped target Basic System.
[[0;32m  OK  [0m] Stopped target Sockets.
[[0;32m  OK  [0m] Closed ACPID Listen Socket.
[[0;32m  OK  [0m] Closed LXD - unix socket.
[[0;32m  OK  [0m] Closed Syslog Socket.
[[0;32m  OK  [0m] Closed Socket activation for snappy daemon.
[[0;32m  OK  [0m] Closed D-Bus System Message Bus Socket.
[[0;32m  OK  [0m] Closed UUID daemon activation socket.
[[0;32m  OK  [0m] Stopped target Slices.
[[0;32m  OK  [0m] Removed slice User and Session Slice.
[[0;32m  OK  [0m] Stopped target Paths.
[[0;32m  OK  [0m] Stopped ACPI Events Check.
[[0;32m  OK  [0m] Stopped target System Initialization.
         Stopping Load/Save Random Seed...
[[0;32m  OK  [0m] Stopped target Local Encrypted Volumes.
         Stopping Update UTMP about System Boot/Shutdown...
[[0;32m  OK  [0m] Stopped Forward Password Requests to Wall Directory Watch.
[[0;32m  OK  [0m] Stopped Dispatch Password Requests to Console Directory Watch.
[[0;32m  OK  [0m] Stopped iSCSI initiator daemon (iscsid).
[[0;32m  OK  [0m] Stopped Load/Save Random Seed.
[[0;32m  OK  [0m] Stopped target Network is Online.
[[0;32m  OK  [0m] Stopped Initial cloud-init job (metadata service crawler).
[[0;32m  OK  [0m] Stopped target Network.
         Stopping Network Name Resolution...
[[0;32m  OK  [0m] Stopped Update UTMP about System Boot/Shutdown.
[[0;32m  OK  [0m] Stopped Network Name Resolution.
         Stopping Network Service...
[[0;32m  OK  [0m] Stopped Create Volatile Files and Directories.
[[0;32m  OK  [0m] Stopped target Local File Systems.
         Unmounting /run/user/1000...
[[0;32m  OK  [0m] Unmounted /run/user/1000.
[[0;32m  OK  [0m] Stopped Network Service.
[[0;32m  OK  [0m] Stopped target Network (Pre).
[[0;32m  OK  [0m] Stopped Initial cloud-init job (pre-networking).
[[0;32m  OK  [0m] Stopped Apply Kernel Variables.
[[0;32m  OK  [0m] Stopped Load Kernel Modules.
[[0;32m  OK  [0m] Reached target Unmount All Filesystems.
[[0;32m  OK  [0m] Stopped target Swap.
[[0;32m  OK  [0m] Stopped target Local File Systems (Pre).
[[0;32m  OK  [0m] Stopped Create Static Device Nodes in /dev.
         Stopping Monitoring of LVM2 mirrorsâ€¦ng dmeventd or progress polling...
[[0;32m  OK  [0m] Stopped Remount Root and Kernel File Systems.
[[0;32m  OK  [0m] Reached target Shutdown.
[[0;32m  OK  [0m] Reached target Final Step.
         Starting Power-Off...
[[0;32m  OK  [0m] Stopped Monitoring of LVM2 mirrors,â€¦sing dmeventd or progress polling.
         Stopping LVM2 metadata daemon...
[[0;32m  OK  [0m] Stopped LVM2 metadata daemon.
[27321.802063] reboot: Power down
