[    0.0000] Linux versi 415.034-generic (buildd@lgw01-amd64-047) (gcc version 7.3.0 (Ubuntu 7.3.-16uuntu3)#37-Untu SMP Mn ug275:21:4 UC 2018 Ubtu 4.15.0-34.37-generic 4.15.18)
[    0.000000] Command line: BOOT_IMAGE=/boot/vmlinuz-4.15.0-34-generic root=UUID=a4278387-5a07-46eb-a726-ae1e22673af4 ro console=tty1 console=ttyS0
[    0.000000] KERNE spported cpus
   0.000000]   InelGenuineIel
[   0.000000]   AMDAuhenticAMD
[  0.000]   Centaur CentaurHul
[    000000]x8fpu:uporti XSAVEfeturex01: 'x8 foatig oint regsters'
[  0.0000] 6/pu: Suortig AVE eaurre 0x002: 'SSE egisters
    00000] 86fpu: Suppoting XSAVE feature 0x004: 'AVX registers'
[    0.000000] x86/fp: xat_offs[2]:  576, xstate_sizes[2]:  256
[    0.000000] x86/fpu: Enabled xstate features 0x7, context size is 832 bytes, using 'standard' format.
[    0.000000] e820: BIOS-provided physical RAM map:
[    0.000000] BIOS-e820: [mem 0x0000000000000000-0x000000000009fbff] usable
[    0.000000] BIOe820[mm 0x000000000fc0-x0000000fff] reerved
[    0.000000] BIOS-e820: [mem0x00000000f0000-x0000000ffff] esered
[    0.00000] BIOS-e820: [mem 0x0000000000100000-0x000000003ffffff] usable
[    .0000] BIOS-e0: [mem 000000003fff0000-0x000000003fffff]ACI da
[  0.0000] IOS-e820:[mm 0x0000000ec0000-000000000fec00fff] rered
[  0.000] BIOSe80: [em0x000000fe00000-0x00000000fee0ff] serv
  0.00000]BIS-e820: [mem0x000000fc00-0x000000fffff] reered
   0.0000]NX(ExeutDisaleprottionactive
[   0.0000] SBI 2.5 psent.[    000000]DM: inot Gmb VrtualB/Virtuaox BIOS irualBox1201/200
    0.0000]yprvis detecte: VM
   0.000000] e820: last_pfn = 0x3fff0 max_arch_pfn = 0x400000000
[    0.00000]MTRR:Disaled
[  .0000] x8/PT:MTRR dsabled, skppingATinitalzatin oo.
[    000000]CPU MTRs ll blak  viralzed ysem.
[   0.0000 x86PA Conigratio [0-7]: WB WT UCUC WB  WT  UC- UC  
[    0.000000] found SMP MP-table at [mem 0x0009fff0-0x0009ffff] mapped at [        (ptrval)]
[    0.000000] Scanning 1 areas for lw emoryorruption
[    0.000000] RAMDISK: [mem 0x359d7000-0x36ce2fff]
[    0.000000] ACPI: Early table checksum veifictin dibld
[    000000] CP: SDP 0x00000000000E0000 0024 (v02 VBOX  
[   0.0000]AC: XST x00000003FF00300003Cv0 VBO   VBOXXSDT000001SL  000061)
[  0.000] AC: ACP 00000003FF0F0 000F4 (v0VBX   VBOXCP 000001 L  00006)
[   000000]CPI: DSSDT0x0000003FF0470 21FF (02VBOX  BOXBIO0000002 INTL 21005)
[  .0000] ACPI FCS 0x00000003F020 0040[   .00000 ACP: FCS 0x000003FFF020 000040
[    0.0000]ACPIAPC 0x000003FF240 00005C (v02 VBOX   VBOXAPIC 00000001 ASL  00000061)
[    0000000] ACPI SSDT x000000003FFF02A0 0001CC (v01 VBOX   VBOXCPUT 00000002 INTL 200028)
   0.000000NoNUMA nfguratn found
[    0.0000]Faking a node at [mem 0x0000000000000000-0x000000003ffeffff]
[  0.00000 NODE_DA(0)alocted em 03f5000-03fefff
[    0.00000]kvm-cloc: pu 0, mr :3ff4401, rimry cu lock
[   0.00000]kv-clok:sing mrs4b564d01 and 4b564d00
[    0.000000] kvm-clock: using sched offset of 7680213 cles
[    .00000] ocksoue:kvm-clock msk: 0xffffffffffffffff ma_cycles: 0x1cd42e4dffb, max_idle_ns: 881590591483 ns
[    0.000000] Zone ranges:
[    0.000000]   DMA      [mem 0x0000000000001000-0x0000000000ffffff]
[    0.00000]   DMA2   [m 00000000000000-0x00000003ffeffff]
[   0.0000   Norma  empt
    0.0000]  Deice   emy
[    .00000 Mable znestartfo eacnoe[   0.0000] rly meornnode nges
   0.0000]   nde   0: me 0x000000001000x0000000009efff
    0.000000]   node   0: [mem 0x0000000001000-0x000003ffefff]
[   0.0000 Iitmem etp noe [mem 0x000000000000-0x000000ffffff]
[  0.000] Reerved but unaailable: 98 pages
[    0.000000] ACPI: PM-Timer IOPort0x008[    000000]IOPIC[0]: apic_id , ersion 32, address 0xfec00000, GSI 0-23
[    0.000000] ACPI: INTSRC_OVR (bus 0 bus_irq 0 globl_irq  dl dfl
    0.00000 ACPI: IN_S_OVR (bu 0us_ir 9glbairq 9 owevel)
[  0.000000Using CP (MADT fr SMP onfiguratio iformati
    0..0000]smpbo: Alling 2 Cs, 0 tplugPU
[    0.000000] PM: Registered nosave memory: [mem 0x00000000-0x00000fff
[    0.000000] PM: Registered nosave memory: [mem 0x0009f000-0x0009ffff]
[    0.000000] PM: Registered nosavmeory: [mem 0x000a0000-0x0000eff
[    0.0000]M:Registerd ose emor: em 000f0000-x00ffff]
[  0.0000] e820 [em x4000000-0fefff]available for PCI evces[    000000] Botng pavrtuaized kernel onVM
  0.00000]clocksure: rined-jffes: sk 0xffffff ma_cles: xffffff,ax_ie_s: 74551900211568s
[  .000] random: get_random_bytes called fm starkenel+0x990x4fd wih crg_init
[    000000]etup_perpu:R_PUS:19nr_cumask_bts2 nrpuids:nrnode_is:
[   0000000percu:Embeed46ags/cpu @      (rvl) s1552 r819228672 108576[   .00000]  qspnlk hashtale etries 26 (oer 0, 96 bte
[   .00000] uilt 1 nelis,mobili grouin on.Total ges:5713[   0.0000] Poly zone: A32
[   .000000] Kenel omand line BOT_IAG/boot/vminz-4.150-34geric rootUUID427887a07-eb-a72ae1e67af4  cnsolety conle=tS0
[  00000]Memory 98308/10412K avilable 12300 keelcoe,471K rwdaa,4244Kodta, 28Kinit, 241K bss, 6500Krervd, 0K cma-reserved)
[    0.000000] SLUB: HWalign=64, Order=0-3, MinObjects=0, CPUs=2, Nodes=1
[    0.0000] Kernelse pa tbles oltion: enaed
[    0.00000] ftrce allatng 347 etries in 53 pas
[   004000] Hierarchical RCU implementation.
[    0.004000] 	RCU restricting CPUs from NR_CPUS=8192 to nr_cpu_ids=2.
[    0.004000] 	Tasks RCU enabled.
[   0.0400RCU: jutin gmetry for rcu_fanutleaf=16, nr_cpu_ids=2
[    0.004000] NR_IRQS: 524544, nr_irqs: 440preallocateirqs: 16
[  0.00400 Cnsole: colour VGA+ 80x25
[    0.0000] console [tty1] enabled
[   0.040] csoe [tS0] abed
  0.00400 ACP Core evsion010831
[   0040] CP: ACPIMLtablessucessuly acird an laded
[   0.004022] APIC: Switch to symmetric I/O mode setup
[    0.008244] x2apic enabled
[    0.012044] Switched APIC routing to physical x2apic.
[    0.017527] ..TIMER: vector=0x30 apic1=0 pin1=2 apic2=-1 pin2=-1
[    0.020009] tsc: Detected 2303.998 MHz processor
[    0.024012] Calibrating delay loop (skipped) preset value.. 4607.99 BogoMIPS (lpj=9215992)
[    0.028007] pid_max: default: 32768 minimum: 301
[    0.032048] Security Framework initialized
[    0.036007] Yama: becoming mindful.
[    0.040043] AppArmor: AppArmor initialized
[    0.045479] Dentry cache hash table entries: 131072 (order: 8, 1048576 bytes)
[    0.048091] Inode-cache hash table entries: 65536 (order: 7, 524288 bytes)
[    0.052037] Mount-cache hash table entries: 2048 (order: 2, 16384 bytes)
[    0.056016] Mountpoint-cache hash table entries: 2048 (order: 2, 16384 bytes)
[    0.060335] mce: CPU supports 0 MCE banks
[    0.064024] Last level iTLB entries: 4KB 64, 2MB 8, 4MB 8
[    0.068006] Last level dTLB entries: 4KB 64, 2MB 0, 4MB 0, 1GB 4
[    0.072145] Spectre V2 : Mitigation: Full generic retpoline
[    0.076006] Spectre V2 : Spectre v2 mitigation: Filling RSB on context switch
[    0.080007] Speculative Store Bypass: Vulnerable
[    0.084099] Freeing SMP alternatives memory: 36K
[    0.092000] smpboot: CPU0: Intel(R) Core(TM) i5-7360U CPU @ 2.30GHz (family: 0x6, model: 0x8e, stepping: 0x9)
[    0.092223] Performance Events: unsupported p6 CPU model 142 no PMU driver, software events only.
[    0.096073] Hierarchical SRCU implementation.
[    0.100560] NMI watchdog: Perf event create on CPU 0 failed with -2
[    0.104008] NMI watchdog: Perf NMI watchdog permanently disabled
[    0.108066] smp: Bringing up secondary CPUs ...
[    0.112110] x86: Booting SMP configuration:
[    0.116003] .... node  #0, CPUs:      #1
[    0.004000] kvm-clock: cpu 1, msr 0:3ff44041, secondary cpu clock
[    0.004000] mce: CPU supports 0 MCE banks
[    0.259492] smp: Brought up 1 node, 2 CPUs
[    0.260010] smpboot: Max logical packages: 1
[    0.264008] smpboot: Total of 2 processors activated (9215.99 BogoMIPS)
[    0.268233] devtmpfs: initialized
[    0.272072] x86/mm: Memory block size: 128MB
[    0.276160] evm: security.selinux
[    0.280008] evm: security.SMACK64
[    0.284002] evm: security.SMACK64EXEC
[    0.288003] evm: security.SMACK64TRANSMUTE
[    0.292006] evm: security.SMACK64MMAP
[    0.296003] evm: security.apparmor
[    0.300002] evm: security.ima
[    0.304002] evm: security.capability
[    0.308094] clocksource: jiffies: mask: 0xffffffff max_cycles: 0xffffffff, max_idle_ns: 7645041785100000 ns
[    0.312007] futex hash table entries: 512 (order: 3, 32768 bytes)
[    0.313501] pinctrl core: initialized pinctrl subsystem
[    0.317569] RTC time:  4:28:25, date: 09/25/18
[    0.320225] NET: Registered protocol family 16
[    0.324071] audit: initializing netlink subsys (disabled)
[    0.332009] audit: type=2000 audit(1537849681.331:1): state=initialized audit_enabled=0 res=1
[    0.540007] cpuidle: using governor ladder
[    0.544022] cpuidle: using governor menu
[    0.548095] ACPI: bus type PCI registered
[    0.552007] acpiphp: ACPI Hot Plug PCI Controller Driver version: 0.5
[    0.560017] PCI: Using configuration type 1 for base access
[    0.564854] HugeTLB registered 2.00 MiB page size, pre-allocated 0 pages
[    0.572088] ACPI: Added _OSI(Module Device)
[    0.576008] ACPI: Added _OSI(Processor Device)
[    0.580010] ACPI: Added _OSI(3.0 _SCP Extensions)
[    0.584007] ACPI: Added _OSI(Processor Aggregator Device)
[    0.588007] ACPI: Added _OSI(Linux-Dell-Video)
[    0.592009] ACPI: Added _OSI(Linux-Lenovo-NV-HDMI-Audio)
[    0.600314] ACPI: Executed 1 blocks of module-level executable AML code
[    0.610777] ACPI: Interpreter enabled
[    0.612015] ACPI: (supports S0 S5)
[    0.616004] ACPI: Using IOAPIC for interrupt routing
[    0.620222] PCI: Using host bridge windows from ACPI; if necessary, use "pci=nocrs" and report a bug
[    0.624202] ACPI: Enabled 2 GPEs in block 00 to 07
[    0.635934] ACPI: PCI Root Bridge [PCI0] (domain 0000 [bus 00-ff])
[    0.636013] acpi PNP0A03:00: _OSC: OS supports [ASPM ClockPM Segments MSI]
[    0.640043] acpi PNP0A03:00: _OSC: not requesting OS control; OS requires [ExtendedConfig ASPM ClockPM MSI]
[    0.644021] acpi PNP0A03:00: fail to add MMCONFIG information, can't access extended PCI configuration space under this bridge.
[    0.648427] PCI host bridge to bus 0000:00
[    0.652006] pci_bus 0000:00: root bus resource [io  0x0000-0x0cf7 window]
[    0.656006] pci_bus 0000:00: root bus resource [io  0x0d00-0xffff window]
[    0.660011] pci_bus 0000:00: root bus resource [mem 0x000a0000-0x000bffff window]
[    0.661804] pci_bus 0000:00: root bus resource [mem 0x40000000-0xfdffffff window]
[    0.664005] pci_bus 0000:00: root bus resource [bus 00-ff]
[    0.670286] pci 0000:00:01.1: legacy IDE quirk: reg 0x10: [io  0x01f0-0x01f7]
[    0.672013] pci 0000:00:01.1: legacy IDE quirk: reg 0x14: [io  0x03f6]
[    0.676010] pci 0000:00:01.1: legacy IDE quirk: reg 0x18: [io  0x0170-0x0177]
[    0.680010] pci 0000:00:01.1: legacy IDE quirk: reg 0x1c: [io  0x0376]
[    0.698599] pci 0000:00:07.0: quirk: [io  0x4000-0x403f] claimed by PIIX4 ACPI
[    0.700031] pci 0000:00:07.0: quirk: [io  0x4100-0x410f] claimed by PIIX4 SMB
[    0.717858] ACPI: PCI Interrupt Link [LNKA] (IRQs 5 9 10 *11)
[    0.720441] ACPI: PCI Interrupt Link [LNKB] (IRQs 5 9 *10 11)
[    0.724152] ACPI: PCI Interrupt Link [LNKC] (IRQs 5 *9 10 11)
[    0.728164] ACPI: PCI Interrupt Link [LNKD] (IRQs 5 9 10 *11)
[    0.736426] SCSI subsystem initialized
[    0.740080] pci 0000:00:02.0: vgaarb: setting as boot VGA device
[    0.744000] pci 0000:00:02.0: vgaarb: VGA device added: decodes=io+mem,owns=io+mem,locks=none
[    0.744015] pci 0000:00:02.0: vgaarb: bridge control possible
[    0.748008] vgaarb: loaded
[    0.752060] ACPI: bus type USB registered
[    0.760022] usbcore: registered new interface driver usbfs
[    0.764029] usbcore: registered new interface driver hub
[    0.768043] usbcore: registered new device driver usb
[    0.772083] EDAC MC: Ver: 3.0.0
[    0.776326] PCI: Using ACPI for IRQ routing
[    0.780367] NetLabel: Initializing
[    0.784003] NetLabel:  domain hash size = 128
[    0.788006] NetLabel:  protocols = UNLABELED CIPSOv4 CALIPSO
[    0.792030] NetLabel:  unlabeled traffic allowed by default
[    0.796088] clocksource: Switched to clocksource kvm-clock
[    0336] VFS Dk quotas dqut_.6
  1.989]FSDqt-chha tlentes51(oer, 96yt)
[   .018 AArorAprm FesteEnbl
  2.41] p:nPCPin
  2.3983] p:nPCP fnd dece
[  3058]clksrc ai_: sk0xfff x_cls: 0fff,axdl_ns: 2087024s    4.385073] NET: egstreproc fil2
[  4.44] P taised hash tabe trs:19(order: , 53 bte
[   .471] P inha tlentie: 92orr:, 1072bys)[  6457]CPHash abs nfur (talishd 92ind 819)
[   6042]DPas talentes51 (rd:  138 bte
  7.281]DPLi hshtalentes51(oder:, 1638 bes
[  8154081] T:egier ptol mi 1[  8479]pc 000000. Lmiing irt I/I aner
[  9158]ci00001.: ctating ISA DMA hang workarounds
[    9.701331] pci 0000:0002: dedeceit shadowed ROM t mem 0x000c0000-0x0dff
[ 1064727]Unckg itmf..
[   10.797313] Freeing initrd memory: 19504K
[   10.876420] platform rtc_cmos: registered platform RTC device (no PNP device found)
[   11.032846] Scanning for low memory corruption every 60 seconds
[   11.066424] Initialise system trusted keyrings
[   11.109127] Key type blacklist registered
[   11.186263] workingset: timestamp_bits=36 max_order=18 bucket_order=0
[   11.364929] zbud: loaded
[   11.453002] squashfs: version 4.0 (2009/01/31) Phillip Lougher
[   11.639964] fuse init (API version 7.26)
[   11.742839] Key type asymmetric registered
[   11.863510] Asymmetric key parser 'x509' registered
[   12.020195] tsc: Refined TSC clocksource calibration: 2304.776 MHz
[   12.026223] Block layer SCSI generic (bsg) driver version 0.4 loaded (major 246)
[   12.152183] io scheduler noop registered
[   12.152184] io scheduler deadline registered
[   12.152303] io scheduler cfq registered (default)
[   12.505626] clocksource: tsc: mask: 0xffffffffffffffff max_cycles: 0x2138d5016fa, max_idle_ns: 440795307555 ns
[   .609 AI:C apr C](on-in
[   131013int:Por tt a/dic/LSYM:/LPWN:/iutnp0
[   13.9551] CPI: PweButon WR
[   14.263193] input: Sleep Button as /devices/LNXSYSTM:00/LNXSLPBN:00/input/input1
[   14.418079] ACPI: Sleep Button [SLPF]
[   14.483150] PIBaerSl [T0(bte pse)
[   4.4843] ri: 5065 dve 3pos,RQhangnaed
[   15.009414] 00:02: ttyS0 at I/O 0x3f8 (irq = 4, base_baud = 115200) is a 16550A
[   15.749466] Linux agpgart interface v0.103
[   15.989571] loop: module loaded
[   16.039955] scsi host0: ata_piix
[   16.069488] scsi host1: ata_piix
[   16.092543] ata1: PATA max UDMA/33 cmd 0x1f0 ctl 0x3f6 bmdma 0xd000 irq 14
[   16.256144] ata2: PATA max UDMA/33 cmd 0x170 ctl 0x376 bmdma 0xd008 irq 15
[   16.402888] libphy: Fixed MDIO Bus: probed
[   16.517381] tun: Universal TUN/TAP device driver, 1.6
[   16.540512] PPP generic driver version 2.4.2
[   16.594832] ehci_hcd: USB 2.0 'Enhanced' Host Controller (EHCI) Driver
[   16.639085] ehci-pci: EHCI PCI platform driver
[   16.650702] ehci-platform: EHCI generic platform driver
[   16.660992] ohci_hcd: USB 1.1 'Open' Host Controller (OHCI) Driver
[   16.727302] ohci-pci: OHCI PCI platform driver
[   16.729602] ohci-platform: OHCI generic platform driver
[   16.773021] uhci_hcd: USB Universal Host Controller Interface driver
[   16.780781] i8042: PNP: PS/2 Controller [PNP0303:PS2K,PNP0f03:PS2M] at 0x60,0x64 irq 1,12
[   16.990842] serio: i8042 KBD port at 0x60,0x64 irq 1
[   17.131899] serio: i8042 AUX port at 0x60,0x64 irq12
[   17.289253] mousedev: PS/2 mouse device common for all mice
[   17.301994] input: AT Translated Set 2 keyboard as /devices/platform/i8042/srio0/input/input2
[   17.369747] rtc_cmos rtc_cmos: rtc core: registered rtc_cmos as rtc0
[   17028] rtc_cmos rtc_cmos:alms u to oe ay 14 tenvra
[ 179533] 2cdeeniedrer
[   185764deceapr:event: vsi 1.3
[   18.785933] device-mapper: ioctl: 4.37.0-ioctl (2017-09-20) initialised: dm-devel@redhat.com
[   18.852983] ledtrig-cpu: registered to indicate activity on CPUs
[   18.885441] NET: Registered protocol family 10
[   18.940225] Segment Routing with IPv6
[   18.992414] NET: Registered protocol family 17
[   18.993684] Key type dns_resolver registered
[   19.009372] RAS: Correctable Errors collector initialized.
[   19.041500] sched_clock: Marking stable (19041455514, 0)->(53232534951, -34191079437)
[   19.044048] registered taskstats version 1
[   19.127987] Loading compiled-in X.509 certificates
[   19.229393] Loaded X.509 cert 'Build time autogenerated kernel key: 197c80222fd2638086c51a9b9e4961ca73d6ea07'
[   19.370542] zswap: loaded using pool lzo/zbud
[   19.375829] Key type big_key registered
[   19.440670] Key type trusted registered
[   19.510305] Key type encrypted registered
[   19.565655] AppArmor: AppArmor sha1 policy hashing enabled
[   19.644309] ima: No TPM chip found, activating TPM-bypass! (rc=-19)
[   19.748632] ima: Allocated hash algorithm: sha1
[   19.824611] evm: HMAC attrs: 0x1
[   19.862114]   Magic number: 2:246:465
[   19.912548] rtc_cmos rtc_cmos: setting system clock to 2018-09-25 04:28:48 UTC (1537849728)
[   19.985323] BIOS EDD facility v0.16 2004-Jun-25, 0 devices found
[   20.057482] EDD information not available.
[   20.060900] Freeing unused kernel memory: 2408K
[   20.136135] Write protecting the kernel read-only data: 20480k
[   21.259098] Freeing unused kernel memory: 2008K
[   22.118049] Freeing unused kernel memory: 1900K
[   23.072946] x86/mm: Checked W+X mappings: passed, no W+X pages found.
[   24.448274] x86/mm: Checking user space page tables
[   25.372803] x86/mm: Checked W+X mappings: passed, no W+X pages found.
Loading, please wait...
starting version 237
[   26.692404] e1000: Intel(R) PRO/1000 Network Driver - version 7.3.21-k8-NAPI
[   26.701221] e1000: Copyright (c) 1999-2006 Intel Corporation.
[   26.720366] Fusion MPT base driver 3.04.20
[   26.728354] Copyright (c) 1999-2008 LSI Corporation
[   26.737990] Fusion MPT SPI Host driver 3.04.20
[   26.747447] AVX2 version of gcm_enc/dec engaged.
[   26.828429] AES CTR mode by8 optimization enabled
[   26.976482] input: ImExPS/2 Generic Explorer Mouse as /devices/platform/i8042/serio1/input/input5
[   27.199616] e1000 0000:00:03.0 eth0: (PCI:33MHz:32-bit) 02:79:13:0a:8c:39
[   27.809970] e1000 0000:00:03.0 eth0: Intel(R) PRO/1000 Network Connection
[   27.834309] mptbase: ioc0: Initiating bringup
[   28.037583] ioc0: LSI53C1030 A0: Capabilities={Initiator}
[   28.440417] scsi host2: ioc0: LSI53C1030 A0, FwRev=00000000h, Ports=1, MaxQ=256, IRQ=20
[   28.879114] scsi 2:0:0:0: Direct-Access     VBOX     HARDDISK         1.0  PQ: 0 ANSI: 5
[   29.972078] scsi target2:0:0: Beginning Domain Validation
[   29.980972] scsi target2:0:0: Domain Validation skipping write tests
[   29.992261] scsi target2:0:0: Ending Domain Validation
[   29.994820] scsi target2:0:0: asynchronous
[   29.997747] scsi 2:0:1:0: Direct-Access     VBOX     HARDDISK         1.0  PQ: 0 ANSI: 5
[   30.216445] scsi target2:0:1: Beginning Domain Validation
[   30.238180] random: fast init done
[   30.718596] scsi target2:0:1: Domain Validation skipping write tests
[   30.723422] scsi target2:0:1: Ending Domain Validation
[   30.724826] scsi target2:0:1: asynchronous
[   30.725227] random: systemd-udevd: uninitialized urandom read (16 bytes read)
[   30.725242] random: systemd-udevd: uninitialized urandom read (16 bytes read)
[   30.725245] random: systemd-udevd: uninitialized urandom read (16 bytes read)
[   30.725536] e1000 0000:00:08.0 eth1: (PCI:33MHz:32-bit) 08:00:27:62:fa:39
[   30.725540] e1000 0000:00:08.0 eth1: Intel(R) PRO/1000 Network Connection
[   30.733410] e1000 0000:00:03.0 enp0s3: renamed from eth0
[   30.751046] sd 2:0:0:0: Attached scsi generic sg0 type 0
[   30.751271] sd 2:0:0:0: [sda] 20971520 512-byte logical blocks: (10.7 GB/10.0 GiB)
[   30.751328] sd 2:0:0:0: [sda] Write Protect is off
[   30.751440] sd 2:0:0:0: [sda] Incomplete mode parameter data
[   30.751441] sd 2:0:0:0: [sda] Assuming drive cache: write through
[   30.770311] sd 2:0:1:0: Attached scsi generic sg1 type 0
[   30.772767] e1000 0000:00:08.0 enp0s8: renamed from eth1
[   30.776466]  sda: sda1
[   30.809417] sd 2:0:1:0: [sdb] 20480 512-byte logical blocks: (10.5 MB/10.0 MiB)
[   30.809926] sd 2:0:1:0: [sdb] Write Protect is off
[   30.810997] sd 2:0:0:0: [sda] Attached SCSI disk
[   30.811026] sd 2:0:1:0: [sdb] Incomplete mode parameter data
[   30.811027] sd 2:0:1:0: [sdb] Assuming drive cache: write through
[   30.813237] sd 2:0:1:0: [sdb] Attached SCSI disk
Begin: Loading essential drivers ... [   32.396354] raid6: sse2x1   gen() 12258 MB/s
[   32.476067] raid6: sse2x1   xor()  8846 MB/s
[   32.584231] raid6: sse2x2   gen() 15212 MB/s
[   32.708081] raid6: sse2x2   xor() 10168 MB/s
[   32.832294] raid6: sse2x4   gen() 16961 MB/s
[   32.952258] raid6: sse2x4   xor() 10775 MB/s
[   33.056069] raid6: avx2x1   gen() 24538 MB/s
[   33.192086] raid6: avx2x1   xor() 13138 MB/s
[   33.292196] raid6: avx2x2   gen() 28879 MB/s
[   33.396101] raid6: avx2x2   xor() 18187 MB/s
[   33.508232] raid6: avx2x4   gen() 34520 MB/s
[   33.624163] raid6: avx2x4   xor() 20871 MB/s
[   33.677283] raid6: using algorithm avx2x4 gen() 34520 MB/s
[   33.725998] raid6: .... xor() 20871 MB/s, rmw enabled
[   33.727225] raid6: using avx2x2 recovery algorithm
[   33.769846] xor: automatically using best checksumming function   avx       
[   33.902117] async_tx: api initialized (async)
done.
Begin: Running /scripts/init-pre[   33.984685] Btrfs loaded, crc32c=crc32c-intel
mount ... done.
Begin: Mounting root file system ... Begin: Running /scripts/local-top ... done.
Begin: Running /scripts/local-premount ... Scanning for Btrfs filesystems
done.
Warning: fsck no[   34.131031] EXT4-fs (sda1): mounted filesystem with ordered data mode. Opts: (null)
t present, so skipping root file system
done.
Begin: Running /scripts/local-bottom ... done.
Begin: Running /scripts/init-bottom ... done.
[   34.475175] ip_tables: (C) 2000-2006 Netfilter Core Team
[   34.784681] systemd[1]: systemd 237 running in system mode. (+PAM +AUDIT +SELINUX +IMA +APPARMOR +SMACK +SYSVINIT +UTMP +LIBCRYPTSETUP +GCRYPT +GNUTLS +ACL +XZ +LZ4 +SECCOMP +BLKID +ELFUTILS +KMOD -IDN2 +IDN -PCRE2 default-hierarchy=hybrid)
[   38.707799] systemd[1]: Detected virtualization oracle.
[   39.737202] systemd[1]: Detected architecture x86-64.

Welcome to [1mUbuntu 18.04.1 LTS[0m!

[   40.711435] systemd[1]: Set hostname to <ubuntu-bionic>.
[   42.302742] systemd[1]: Started Forward Password Requests to Wall Directory Watch.
[[0;32m  OK  [0m] Started Forward Password Requests to Wall Directory Watch.
[   43.708575] systemd[1]: Created slice System Slice.
[[0;32m  OK  [0m] Created slice System Slice.
[   44.594186] systemd[1]: Listening on Journal Socket (/dev/log).
[[0;32m  OK  [0m] Listening on Journal Socket (/dev/log).
[   45.733121] systemd[1]: Listening on udev Kernel Socket.
[[0;32m  OK  [0m] Listening on udev Kernel Socket.
[   46.804685] systemd[1]: Listening on Syslog Socket.
[[0;32m  OK  [0m] Listening on Syslog Socket.
[   47.077459] systemd[1]: Created slice system-serial\x2dgetty.slice.
[[0;32m  OK  [0m] Created slice system-serial\x2dgetty.slice.
[   47.977878] systemd[1]: Listening on Journal Socket.
[[0;32m  OK  [0m] Listening on Journal Socket.
[   48.171473] systemd[1]: Starting Set the console keyboard layout...
[   48.177758] random: crng init done
[   48.177759] random: 7 urandom warning(s) missed due to ratelimiting
         Starting Set the console keyboard layout...
[   48.475003] systemd[1]: Starting Load Kernel Modules...
         Starting Load Ke[   48.670985] Loading iSCSI transport class v2.0-870.
rnel Modules...
[   49.739921] iscsi: registered transport (tcp)
[   49.740991] systemd[1]: Starting Create list of required static device nodes for the current kernel...
         Starting Create list of required[   49.903054] iscsi: registered transport (iser)
 stâ€¦ce nodes for the current kernel...
[   50.014203] systemd[1]: Mounting Huge Pages File System...
         Mounting Huge Pages File System...
[   50.125785] systemd[1]: Starting Remount Root and Kernel File Systems...
[   50.141759] EXT4-fs (sda1): re-mounted. Opts: (null)
         Starting Remount Root and Kernel File Systems...
[   50.281067] systemd[1]: Mounting Kernel Debug File System...
         Mounting Kernel Debug File System...
         Mounting POSIX Message Queue File System...
[[0;32m  OK  [0m] Reached target User and Group Name Lookups.
[[0;32m  OK  [0m] Listening on Network Service Netlink Socket.
[[0;32m  OK  [0m] Listening on Device-mapper event daemon FIFOs.
[[0;32m  OK  [0m] Listening on /dev/initctl Compatibility Named Pipe.
[[0;32m  OK  [0m] Set up automount Arbitrary Executabâ€¦rmats File System Automount Point.
[[0;32m  OK  [0m] Reached target System Time Synchronized.
[[0;32m  OK  [0m] Created slice User and Session Slice.
[[0;32m  OK  [0m] Reached target Slices.
[[0;32m  OK  [0m] Listening on LVM2 metadata daemon socket.
         Starting Monitoring of LVM2 mirrorsâ€¦ng dmeventd or progress polling...
         Starting Uncomplicated firewall...
[[0;32m  OK  [0m] Listening on LVM2 poll daemon socket.
[[0;32m  OK  [0m] Listening on udev Control Socket.
         Starting udev Coldplug all Devices...
[[0;32m  OK  [0m] Reached target Swap.
[[0;32m  OK  [0m] Listening on Journal Audit Socket.
[   50.771547] systemd[1]: Starting Journal Service...
         Starting Journal Service...
[   50.817006] systemd[1]: Started Set the console keyboard layout.
[[0;32m  OK  [0m] Started Set the console keyboard layout.
[   50.953451] systemd[1]: Started Load Kernel Modules.
[[0;32m  OK  [0m] Started Load Kernel Modules.
[   51.026470] systemd[1]: Started Journal Service.
[[0;32m  OK  [0m] Started Journal Service.
[[0;32m  OK  [0m] Started Create list of required staâ€¦vice nodes for the current kernel.
[[0;32m  OK  [0m] Mounted Huge Pages File System.
[[0;32m  OK  [0m] Started Remount Root and Kernel File Systems.
[[0;32m  OK  [0m] Mounted Kernel Debug File System.
[[0;32m  OK  [0m] Mounted POSIX Message Queue File System.
[[0;32m  OK  [0m] Started Uncomplicated firewall.
[[0;32m  OK  [0m] Started LVM2 metadata daemon.
         Starting Initial cloud-init job (pre-networking)...
         Starting Load/Save Random Seed...
         Starting Create Static Device Nodes in /dev...
         Starting Flush Journal to Persistent Storage...
         Mounting FUSE Control File System...
         Starting Apply Kernel Variables...
         Mounting Kernel Configuration File System...
[[0;32m  OK  [0m] Started Monitoring of LVM2 mirrors,â€¦sing dmeventd or progress polling.
[[0;32m  OK  [0m] Started udev Coldplug all Devices.
[[0;32m  OK  [0m] Started Load/Save Random Seed.
[[0;32m  OK  [0m] Started Create Static Device Nodes in /dev.
[[0;32m  OK  [0m] Mounted FUSE Control File System.
[[0;32m  OK  [0m] Started Apply Kernel Variables.
[[0;32m  OK  [0m] Mounted Kernel Configuration File System.
         Starting udev Kernel Device Manager...
[[0;32m  OK  [0m] Reached target Local File Systems (Pre).
[[0;32m  OK  [0m] Reached target Local File Systems.
         Starting Tell Plymouth To Write Out Runtime Data...
         Starting Set console font and keymap...
         Starting AppArmor initialization...
         Starting ebtables ruleset management...
[[0;32m  OK  [0m] Started udev Kernel Device Manager.
[[0;32m  OK  [0m] Started Dispatch Password Requests to Console Directory Watch.
[[0;32m  OK  [0m] Reached target Local Encrypted Volumes.
[[0;32m  OK  [0m] Started Tell Plymouth To Write Out Runtime Data.
[[0;32m  OK  [0m] Started Set console font and keymap.
[[0;32m  OK  [0m] Started Flush Journal to Persistent Storage.
         Starting Create Volatile Files and Directories...
[[0;32m  OK  [0m] Started Create Volatile Files and Directories.
[[0;32m  OK  [0m] Started ebtables ruleset management.
[[0;32m  OK  [0m] Found device /dev/ttyS0.
[[0;32m  OK  [0m] Listening on Load/Save RF Kill Switch Status /dev/rfkill Watch.
         Starting Update UTMP about System Boot/Shutdown...
[[0;32m  OK  [0m] Started Update UTMP about System Boot/Shutdown.
[[0;32m  OK  [0m] Started AppArmor initialization.
[   54.102168] cloud-init[423]: Cloud-init v. 18.2 running 'init-local' at Tue, 25 Sep 2018 04:29:22 +0000. Up 53.87 seconds.
[[0;32m  OK  [0m] Started Initial cloud-init job (pre-networking).
[[0;32m  OK  [0m] Reached target Network (Pre).
         Starting Network Service...
[[0;32m  OK  [0m] Started Network Service.
         Starting Network Name Resolution...
         Starting Wait for Network to be Configured...
[[0;32m  OK  [0m] Started Network Name Resolution.
[[0;32m  OK  [0m] Reached target Host and Network Name Lookups.
[[0;32m  OK  [0m] Reached target Network.
[[0;32m  OK  [0m] Started Wait for Network to be Configured.
         Starting Initial cloud-init job (metadata service crawler)...
[   57.285664] cloud-init[660]: Cloud-init v. 18.2 running 'init' at Tue, 25 Sep 2018 04:29:25 +0000. Up 56.85 seconds.
[   57.298970] cloud-init[660]: ci-info: ++++++++++++++++++++++++++++++++++++++Net device info+++++++++++++++++++++++++++++++++++++++
[[0;32m  OK  [0m] Started Initial cloud-init job (metadata service crawler).
[   57.380995] cloud-init[660]: ci-info: +--------+------+-----------------------------+---------------+--------+-------------------+
[[0;32m  OK  [0m] Reached target Network is Online.
[   57.565071] cloud-init[660]: ci-info: | Device |  Up  |           Address           |      Mask     | Scope  |     Hw-Address    |
         Starting iSCSI initiator daemon (iscsid)...
[   57.741011] [cloud-init[0;32m  OK  [0m[660]: ci-info: +--------+------+-----------------------------+---------------+--------+-------------------+
] Reached target System Initialization.
[   57.780757] cloud-init[660]: ci-info: | enp0s3 | True |          10.0.2.15          | 255.255.255.0 | global | 02:79:13:0a:8c:39 |
         Starting Socket activation for snappy daemon.
[[0;32m  OK  [0m] Listening on ACPID Listen Socket.
[   58.040783] cloud-init[660]: ci-info: | enp0s3 | True |  fe80::79:13ff:fe0a:8c39/64 |       .       |  link  | 02:79:13:0a:8c:39 |
[[0;32m  OK  [0m] Started ACPI Events Check.
[[0;32m  OK  [0m] Reached target Paths.
[[0;32m  OK  [0m] Listening on UUID daemon activation socket.
[   58.241540] cloud-init[660]: ci-info: | enp0s8 | True |        192.168.33.10        | 255.255.255.0 | global | 08:00:27:62:fa:39 |
[[0;32m  OK  [0m] Started Discard unused blocks once a week.
[   58.509106] [cloud-init[0;32m  OK  [0m[660]: ] ci-info: | enp0s8 | True | fe80::a00:27ff:fe62:fa39/64 |       .       |  link  | 08:00:27:62:fa:39 |Started Daily Cleanup of Temporary Directories.

         Starting LXD - unix socket.
[   58.704559] cloud-init[660]: ci-info: |   lo   | True |          127.0.0.1          |   255.0.0.0   |  host  |         .         |
[[0;32m  OK  [0m] Started Daily apt download activities.
[   58.829468] [cloud-init[0;32m  OK  [0m[660]: ] ci-info: |   lo   | True |           ::1/128           |       .       |  host  |         .         |Started Daily apt upgrade and clean activities.

[[0;32m  OK  [0m] Started Message of the Day.
[   58.965321] cloud-init[660]: ci-info: +--------+------+-----------------------------+---------------+--------+-------------------+
[[0;32m  OK  [0m] Reached target Timers.
[   59.157561] cloud-init[660]: ci-info: +++++++++++++++++++++++++++++Route IPv4 info+++++++++++++++++++++++++++++
[[0;32m  OK  [0m] Listening on D-Bus System Message Bus Socket.
[[0;32m  OK  [0m] Reached target Cloud-config availability.
[   59.297026] cloud-init[660]: ci-info: +-------+--------------+----------+-----------------+-----------+-------+
[[0;32m  OK  [0m] Listening on Socket activation for snappy daemon.
[   59.513707] [cloud-init[0;32m  OK  [0m[660]: ] Listening on LXD - unix socket.
ci-info: | Route | Destination  | Gateway  |     Genmask     | Interface | Flags |
[[0;32m  OK  [0m] Started iSCSI initiator daemon (iscsid).
[   59.695672] cloud-init[660]: ci-info: +-------+--------------+----------+-----------------+-----------+-------+
         Starting Availability of block devices...
[   59.796720] [cloud-init[0;32m  OK  [0m[660]: ] ci-info: |   0   |   0.0.0.0    | 10.0.2.2 |     0.0.0.0     |   enp0s3  |   UG  |Reached target Remote File Systems (Pre).

[[0;32m  OK  [0m] Reached target Remote File Systems.
[   59.860822] [cloud-init[0;32m  OK  [0m[660]: ] ci-info: |   1   |   10.0.2.0   | 0.0.0.0  |  255.255.255.0  |   enp0s3  |   U   |Reached target Sockets.

[[0;32m  OK  [0m] Reached target Basic System.
[   59.939579] cloud-init[660]: ci-info: |   2   |   10.0.2.2   | 0.0.0.0  | 255.255.255.255 |   enp0s3  |   UH  |
         Starting LSB: automatic crash report generation...
[   60.086037] cloud-init[[0;32m  OK  [0m] Started D-Bus System Message Bus.
[660]: ci-info: |   3   | 192.168.33.0 | 0.0.0.0  |  255.255.255.0  |   enp0s8  |   U   |
[   60.139003] cloud-init[660]: ci-info: +-------+--------------+----------+-----------------+-----------+-------+
[   60.180172]          cloud-initStarting vboxadd.service...[660]: 
ci-info: +++++++++++++++++++Route IPv6 info+++++++++++++++++++
[   60.181237] cloud-init[660]: ci-info: +-------+-------------+---------+-----------+-------+
[[0;32m  OK  [0m] Started FUSE filesystem for LXC.
[   60.258345] cloud-init[660]: ci-info: | Route | Destination | Gateway | Interface | Flags |
         Starting Login Service...
[   60.267941] cloud-init[660]: ci-info: +-------+-------------+---------+-----------+-------+
[   60.330513]          cloud-initStarting LXD - container startup/shutdown...[660]: 
ci-info: |   1   |  fe80::/64  |    ::   |   enp0s8  |   U   |
[[0;32m  OK  [0m] Started Unattended Upgrades Shutdown.
[   60.385461] cloud-init[660]: ci-info: |   2   |  fe80::/64  |    ::   |   enp0s3  |   U   |
         Starting Dispatcher daemon for systemd-networkd...
[[0;32m  OK  [0m] Started Deferred execution scheduler.
[   60.475822] cloud-init[660]: ci-info: |   4   |    local    |    ::   |   enp0s3  |   U   |
         Starting OpenBSD Secure Shell server...
[   60.695226] cloud-init[660]: ci-info: |   5   |    local    |    ::   |   enp0s8  |   U   |
         [   60.789057] Starting Permit User Sessions...cloud-init
[660]: ci-info: |   6   |   ff00::/8  |    ::   |   enp0s8  |   U   |
         [   60.821452] Starting Apply the settings specified in cloud-config...cloud-init
[660]: ci-info: |   7   |   ff00::/8  |    ::   |   enp0s3  |   U   |
[   60.827684] cloud-init[660]: ci-info: +-------+-------------+---------+-----------+-------+
         Starting System Logging Service...
         Starting LSB: Record successful boot for GRUB...
[[0;32m  OK  [0m] Started irqbalance daemon.
         Starting Snappy daemon...
[[0;32m  OK  [0m] Started Regular background program processing daemon.
         Starting Accounts Service...
[[0;32m  OK  [0m] Started Dispatcher daemon for systemd-networkd.
[[0;32m  OK  [0m] Started System Logging Service.
[[0;32m  OK  [0m] Started Snappy daemon.
[[0;32m  OK  [0m] Started Availability of block devices.
[[0;32m  OK  [0m] Started vboxadd.service.
[[0;32m  OK  [0m] Started LXD - container startup/shutdown.
[[0;32m  OK  [0m] Started Permit User Sessions.
[[0;32m  OK  [0m] Started OpenBSD Secure Shell server.
[[0;32m  OK  [0m] Started Login Service.
         Starting Authorization Manager...
         Starting Hold until boot process finishes up...
         Starting Terminate Plymouth Boot Screen...
         Starting vboxadd-service.service...
         Starting Wait until snapd is fully seeded...
[[0;32m  OK  [0m] Started LSB: automatic crash report generation.
[[0;32m  OK  [0m] Started LSB: Record successful boot for GRUB.
[[0;32m  OK  [0m] Started Hold until boot process finishes up.
[[0;32m  OK  [0m] Started Terminate Plymouth Boot Screen.
[[0;32m  OK  [0m] Started vboxadd-service.service.
[[0;32m  OK  [0m] Started Wait until snapd is fully seeded.
[[0;32m  OK  [0m] Started Authorization Manager.
[[0;32m  OK  [0m] Started Accounts Service.
[[0;32m  OK  [0m] Started Apply the settings specified in cloud-config.
[   61.777706] cloud-init[926]: Cloud-init v. 18.2 running 'modules:config' at Tue, 25 Sep 2018 04:29:30 +0000. Up 61.64 seconds.
[[0;32m  OK  [0m] Created slice User Slice of vagrant.
         Starting Set console scheme...
[[0;32m  OK  [0m] Started Serial Getty on ttyS0.
[[0;32m  OK  [0m] Started Set console scheme.
         Starting User Manager for UID 1000...
[[0;32m  OK  [0m] Created slice system-getty.slice.
[[0;32m  OK  [0m] Started Getty on tty1.
[[0;32m  OK  [0m] Reached target Login Prompts.
[[0;32m  OK  [0m] Reached target Multi-User System.
         Starting Execute cloud user/final scripts...
[[0;32m  OK  [0m] Reached target Graphical Interface.
         Starting Update UTMP about System Runlevel Changes...
[[0;32m  OK  [0m] Started User Manager for UID 1000.
[[0;32m  OK  [0m] Started Session 1 of user vagrant.
[[0;32m  OK  [0m] Started Update UTMP about System Runlevel Changes.
[   62.895126] cloud-init[1198]: Cloud-init v. 18.2 running 'modules:final' at Tue, 25 Sep 2018 04:29:31 +0000. Up 62.68 seconds.
[[   62.972225] cloud-init[1198]: Cloud-init v. 18.2 finished at Tue, 25 Sep 2018 04:29:31 +0000. Datasource DataSourceNoCloud [seed=/dev/sdb][dsmode=net].  Up 62.88 seconds
[0;32m  OK  [0m] Started Execute cloud user/final scripts.
[[0;32m  OK  [0m] Reached target Cloud-init target.
         Starting Daily apt download activities...
[[0;32m  OK  [0m] Stopped Wait for Network to be Configured.
         Stopping Network Service...
[[0;32m  OK  [0m] Stopped Network Service.
         Starting Network Service...
[[0;32m  OK  [0m] Started Network Service.
         Stopping User Manager for UID 1000...
[[0;32m  OK  [0m] Stopped User Manager for UID 1000.
[[0;32m  OK  [0m] Removed slice User Slice of vagrant.

Ubuntu 18.04.1 LTS ubuntu-bionic ttyS0

ubuntu-bionic login: 